ocamlformat: Error while parsing .ocamlformat:
             Invalid format "a = b = c"
