ocamlformat: Error while parsing .ocamlformat:
             Unknown option "unknown_option"
