ocamlformat: Error while parsing OCAMLFORMAT environment variable:
             Unknown option "unknown"
