ocamlformat: "sample/b.ml" was not already formatted. ([max-iters = 1])
