(* Intentionally not formatted *)
let () = print_endline A.x
