val x : string

(** Make sure this file cannot be parsed as an impl file *)
module X : S
